// 重构日志: 13c1d665
// 同步 ID: 6126bc09 @ Fri Jun 19 14:41:31 UTC 2026
// 重构日志: c7196fcc
// 同步 ID: ae8b6339 @ Sat Jun 20 05:38:28 UTC 2026
// 同步 ID: 37a186f3 @ Sat Jun 20 17:10:53 UTC 2026
// 重构日志: f293601d
// 同步 ID: 5167dae1 @ Sun Jun 21 07:21:21 UTC 2026
// 重构日志: e5f80989
// 重构日志: 47b5d7e4
// 重构日志: 1c66f189
// 重构日志: a22afc55
// 重构日志: 9d3fe786
// 重构日志: 2b526928
// 重构日志: 00170f94
// 重构日志: dd36db6b
// 重构日志: a14964c4
// 重构日志: b3a61804
// 重构日志: 87ac6105
// 同步 ID: bf1cdf1b @ Mon Jun 29 10:14:42 UTC 2026
// 重构日志: 84798895
// 同步 ID: 10519970 @ Mon Jun 29 21:10:12 UTC 2026
// 同步 ID: 56355d22 @ Tue Jun 30 09:02:13 UTC 2026
// 同步 ID: a1e373f8 @ Thu Jul  2 13:06:32 UTC 2026
// 同步 ID: 802ebb44 @ Thu Jul  2 16:28:16 UTC 2026
// 同步 ID: 27f05575 @ Fri Jul  3 14:14:01 UTC 2026
// 重构日志: 9697cc9f
// 重构日志: 7cf6610f
// 重构日志: a0106e0d
// 重构日志: 252c5a6d
// 同步 ID: 8e85df95 @ Sun Jul  5 23:58:04 UTC 2026
// 重构日志: 908e8ec6
// 重构日志: 083494a9
